Archive member included to satisfy reference by file (symbol)

/home/mr_learner/st/stm32cubeide_1.15.0/plugins/com.st.stm32cube.ide.mcu.externaltools.gnu-tools-for-stm32.12.3.rel1.linux64_1.0.100.202403111256/tools/bin/../lib/gcc/arm-none-eabi/12.3.1/../../../../arm-none-eabi/lib/thumb/v6-m/nofp/libc_nano.a(libc_a-exit.o)
                              /home/mr_learner/st/stm32cubeide_1.15.0/plugins/com.st.stm32cube.ide.mcu.externaltools.gnu-tools-for-stm32.12.3.rel1.linux64_1.0.100.202403111256/tools/bin/../lib/gcc/arm-none-eabi/12.3.1/../../../../arm-none-eabi/lib/thumb/v6-m/nofp/crt0.o (exit)
/home/mr_learner/st/stm32cubeide_1.15.0/plugins/com.st.stm32cube.ide.mcu.externaltools.gnu-tools-for-stm32.12.3.rel1.linux64_1.0.100.202403111256/tools/bin/../lib/gcc/arm-none-eabi/12.3.1/../../../../arm-none-eabi/lib/thumb/v6-m/nofp/libc_nano.a(libc_a-findfp.o)
                              /home/mr_learner/st/stm32cubeide_1.15.0/plugins/com.st.stm32cube.ide.mcu.externaltools.gnu-tools-for-stm32.12.3.rel1.linux64_1.0.100.202403111256/tools/bin/../lib/gcc/arm-none-eabi/12.3.1/../../../../arm-none-eabi/lib/thumb/v6-m/nofp/libc_nano.a(libc_a-exit.o) (__stdio_exit_handler)
/home/mr_learner/st/stm32cubeide_1.15.0/plugins/com.st.stm32cube.ide.mcu.externaltools.gnu-tools-for-stm32.12.3.rel1.linux64_1.0.100.202403111256/tools/bin/../lib/gcc/arm-none-eabi/12.3.1/../../../../arm-none-eabi/lib/thumb/v6-m/nofp/libc_nano.a(libc_a-fwalk.o)
                              /home/mr_learner/st/stm32cubeide_1.15.0/plugins/com.st.stm32cube.ide.mcu.externaltools.gnu-tools-for-stm32.12.3.rel1.linux64_1.0.100.202403111256/tools/bin/../lib/gcc/arm-none-eabi/12.3.1/../../../../arm-none-eabi/lib/thumb/v6-m/nofp/libc_nano.a(libc_a-findfp.o) (_fwalk_sglue)
/home/mr_learner/st/stm32cubeide_1.15.0/plugins/com.st.stm32cube.ide.mcu.externaltools.gnu-tools-for-stm32.12.3.rel1.linux64_1.0.100.202403111256/tools/bin/../lib/gcc/arm-none-eabi/12.3.1/../../../../arm-none-eabi/lib/thumb/v6-m/nofp/libc_nano.a(libc_a-stdio.o)
                              /home/mr_learner/st/stm32cubeide_1.15.0/plugins/com.st.stm32cube.ide.mcu.externaltools.gnu-tools-for-stm32.12.3.rel1.linux64_1.0.100.202403111256/tools/bin/../lib/gcc/arm-none-eabi/12.3.1/../../../../arm-none-eabi/lib/thumb/v6-m/nofp/libc_nano.a(libc_a-findfp.o) (__sread)
/home/mr_learner/st/stm32cubeide_1.15.0/plugins/com.st.stm32cube.ide.mcu.externaltools.gnu-tools-for-stm32.12.3.rel1.linux64_1.0.100.202403111256/tools/bin/../lib/gcc/arm-none-eabi/12.3.1/../../../../arm-none-eabi/lib/thumb/v6-m/nofp/libc_nano.a(libc_a-memset.o)
                              /home/mr_learner/st/stm32cubeide_1.15.0/plugins/com.st.stm32cube.ide.mcu.externaltools.gnu-tools-for-stm32.12.3.rel1.linux64_1.0.100.202403111256/tools/bin/../lib/gcc/arm-none-eabi/12.3.1/../../../../arm-none-eabi/lib/thumb/v6-m/nofp/crt0.o (memset)
/home/mr_learner/st/stm32cubeide_1.15.0/plugins/com.st.stm32cube.ide.mcu.externaltools.gnu-tools-for-stm32.12.3.rel1.linux64_1.0.100.202403111256/tools/bin/../lib/gcc/arm-none-eabi/12.3.1/../../../../arm-none-eabi/lib/thumb/v6-m/nofp/libc_nano.a(libc_a-closer.o)
                              /home/mr_learner/st/stm32cubeide_1.15.0/plugins/com.st.stm32cube.ide.mcu.externaltools.gnu-tools-for-stm32.12.3.rel1.linux64_1.0.100.202403111256/tools/bin/../lib/gcc/arm-none-eabi/12.3.1/../../../../arm-none-eabi/lib/thumb/v6-m/nofp/libc_nano.a(libc_a-stdio.o) (_close_r)
/home/mr_learner/st/stm32cubeide_1.15.0/plugins/com.st.stm32cube.ide.mcu.externaltools.gnu-tools-for-stm32.12.3.rel1.linux64_1.0.100.202403111256/tools/bin/../lib/gcc/arm-none-eabi/12.3.1/../../../../arm-none-eabi/lib/thumb/v6-m/nofp/libc_nano.a(libc_a-reent.o)
                              /home/mr_learner/st/stm32cubeide_1.15.0/plugins/com.st.stm32cube.ide.mcu.externaltools.gnu-tools-for-stm32.12.3.rel1.linux64_1.0.100.202403111256/tools/bin/../lib/gcc/arm-none-eabi/12.3.1/../../../../arm-none-eabi/lib/thumb/v6-m/nofp/libc_nano.a(libc_a-closer.o) (errno)
/home/mr_learner/st/stm32cubeide_1.15.0/plugins/com.st.stm32cube.ide.mcu.externaltools.gnu-tools-for-stm32.12.3.rel1.linux64_1.0.100.202403111256/tools/bin/../lib/gcc/arm-none-eabi/12.3.1/../../../../arm-none-eabi/lib/thumb/v6-m/nofp/libc_nano.a(libc_a-impure.o)
                              /home/mr_learner/st/stm32cubeide_1.15.0/plugins/com.st.stm32cube.ide.mcu.externaltools.gnu-tools-for-stm32.12.3.rel1.linux64_1.0.100.202403111256/tools/bin/../lib/gcc/arm-none-eabi/12.3.1/../../../../arm-none-eabi/lib/thumb/v6-m/nofp/libc_nano.a(libc_a-reent.o) (_impure_ptr)
/home/mr_learner/st/stm32cubeide_1.15.0/plugins/com.st.stm32cube.ide.mcu.externaltools.gnu-tools-for-stm32.12.3.rel1.linux64_1.0.100.202403111256/tools/bin/../lib/gcc/arm-none-eabi/12.3.1/../../../../arm-none-eabi/lib/thumb/v6-m/nofp/libc_nano.a(libc_a-lseekr.o)
[...]
Memory Configuration

Name             Origin             Length             Attributes
RAM              0x20000000         0x00004000         xrw
FLASH            0x08000000         0x00020000         xr
*default*        0x00000000         0xffffffff

Linker script and memory map

LOAD /home/mr_learner/st/stm32cubeide_1.15.0/plugins/com.st.stm32cube.ide.mcu.externaltools.gnu-tools-for-stm32.12.3.rel1.linux64_1.0.100.202403111256/tools/bin/../lib/gcc/arm-none-eabi/12.3.1/thumb/v6-m/nofp/crti.o
LOAD /home/mr_learner/st/stm32cubeide_1.15.0/plugins/com.st.stm32cube.ide.mcu.externaltools.gnu-tools-for-stm32.12.3.rel1.linux64_1.0.100.202403111256/tools/bin/../lib/gcc/arm-none-eabi/12.3.1/thumb/v6-m/nofp/crtbegin.o
LOAD /home/mr_learner/st/stm32cubeide_1.15.0/plugins/com.st.stm32cube.ide.mcu.externaltools.gnu-tools-for-stm32.12.3.rel1.linux64_1.0.100.202403111256/tools/bin/../lib/gcc/arm-none-eabi/12.3.1/../../../../arm-none-eabi/lib/thumb/v6-m/nofp/crt0.o
LOAD ./Src/Red_LED_Toggle_Button_Interrupt.o
LOAD ./Src/syscalls.o
LOAD ./Src/sysmem.o
LOAD ./Startup/startup_stm32f072rbtx.o
LOAD ./driver/Src/GPIO_drv.o
START GROUP
LOAD /home/mr_learner/st/stm32cubeide_1.15.0/plugins/com.st.stm32cube.ide.mcu.externaltools.gnu-tools-for-stm32.12.3.rel1.linux64_1.0.100.202403111256/tools/bin/../lib/gcc/arm-none-eabi/12.3.1/../../../../arm-none-eabi/lib/thumb/v6-m/nofp/libc_nano.a
LOAD /home/mr_learner/st/stm32cubeide_1.15.0/plugins/com.st.stm32cube.ide.mcu.externaltools.gnu-tools-for-stm32.12.3.rel1.linux64_1.0.100.202403111256/tools/bin/../lib/gcc/arm-none-eabi/12.3.1/../../../../arm-none-eabi/lib/thumb/v6-m/nofp/libm.a
END GROUP
START GROUP
LOAD /home/mr_learner/st/stm32cubeide_1.15.0/plugins/com.st.stm32cube.ide.mcu.externaltools.gnu-tools-for-stm32.12.3.rel1.linux64_1.0.100.202403111256/tools/bin/../lib/gcc/arm-none-eabi/12.3.1/thumb/v6-m/nofp/libgcc.a
LOAD /home/mr_learner/st/stm32cubeide_1.15.0/plugins/com.st.stm32cube.ide.mcu.externaltools.gnu-tools-for-stm32.12.3.rel1.linux64_1.0.100.202403111256/tools/bin/../lib/gcc/arm-none-eabi/12.3.1/../../../../arm-none-eabi/lib/thumb/v6-m/nofp/libc_nano.a
END GROUP
START GROUP
LOAD /home/mr_learner/st/stm32cubeide_1.15.0/plugins/com.st.stm32cube.ide.mcu.externaltools.gnu-tools-for-stm32.12.3.rel1.linux64_1.0.100.202403111256/tools/bin/../lib/gcc/arm-none-eabi/12.3.1/thumb/v6-m/nofp/libgcc.a
LOAD /home/mr_learner/st/stm32cubeide_1.15.0/plugins/com.st.stm32cube.ide.mcu.externaltools.gnu-tools-for-stm32.12.3.rel1.linux64_1.0.100.202403111256/tools/bin/../lib/gcc/arm-none-eabi/12.3.1/../../../../arm-none-eabi/lib/thumb/v6-m/nofp/libc_nano.a
LOAD /home/mr_learner/st/stm32cubeide_1.15.0/plugins/com.st.stm32cube.ide.mcu.externaltools.gnu-tools-for-stm32.12.3.rel1.linux64_1.0.100.202403111256/tools/bin/../lib/gcc/arm-none-eabi/12.3.1/../../../../arm-none-eabi/lib/thumb/v6-m/nofp/libnosys.a
END GROUP
START GROUP
LOAD /home/mr_learner/st/stm32cubeide_1.15.0/plugins/com.st.stm32cube.ide.mcu.externaltools.gnu-tools-for-stm32.12.3.rel1.linux64_1.0.100.202403111256/tools/bin/../lib/gcc/arm-none-eabi/12.3.1/thumb/v6-m/nofp/libgcc.a
LOAD /home/mr_learner/st/stm32cubeide_1.15.0/plugins/com.st.stm32cube.ide.mcu.externaltools.gnu-tools-for-stm32.12.3.rel1.linux64_1.0.100.202403111256/tools/bin/../lib/gcc/arm-none-eabi/12.3.1/../../../../arm-none-eabi/lib/thumb/v6-m/nofp/libc_nano.a
LOAD /home/mr_learner/st/stm32cubeide_1.15.0/plugins/com.st.stm32cube.ide.mcu.externaltools.gnu-tools-for-stm32.12.3.rel1.linux64_1.0.100.202403111256/tools/bin/../lib/gcc/arm-none-eabi/12.3.1/../../../../arm-none-eabi/lib/thumb/v6-m/nofp/libnosys.a
END GROUP
LOAD /home/mr_learner/st/stm32cubeide_1.15.0/plugins/com.st.stm32cube.ide.mcu.externaltools.gnu-tools-for-stm32.12.3.rel1.linux64_1.0.100.202403111256/tools/bin/../lib/gcc/arm-none-eabi/12.3.1/thumb/v6-m/nofp/crtend.o
LOAD /home/mr_learner/st/stm32cubeide_1.15.0/plugins/com.st.stm32cube.ide.mcu.externaltools.gnu-tools-for-stm32.12.3.rel1.linux64_1.0.100.202403111256/tools/bin/../lib/gcc/arm-none-eabi/12.3.1/thumb/v6-m/nofp/crtn.o
                0x20004000                        _estack = (ORIGIN (RAM) + LENGTH (RAM))
                0x00000200                        _Min_Heap_Size = 0x200
                0x00000400                        _Min_Stack_Size = 0x400

.isr_vector     0x08000000       0xc0
                0x08000000                        . = ALIGN (0x4)
 *(.isr_vector)
 .isr_vector    0x08000000       0xc0 ./Startup/startup_stm32f072rbtx.o
                0x08000000                g_pfnVectors
                0x080000c0                        . = ALIGN (0x4)

.text           0x080000c0      0x8a8
                0x080000c0                        . = ALIGN (0x4)
 *(.text)
 .text          0x080000c0       0x48 /home/mr_learner/st/stm32cubeide_1.15.0/plugins/com.st.stm32cube.ide.mcu.externaltools.gnu-tools-for-stm32.12.3.rel1.linux64_1.0.100.202403111256/tools/bin/../lib/gcc/arm-none-eabi/12.3.1/thumb/v6-m/nofp/crtbegin.o
 *(.text*)
 .text.delay    0x08000108       0x28 ./Src/Red_LED_Toggle_Button_Interrupt.o
                0x08000108                delay
 .text.main     0x08000130       0xf8 ./Src/Red_LED_Toggle_Button_Interrupt.o
                0x08000130                main
 .text.EXTI2_3_IRQHandler
                0x08000228       0x20 ./Src/Red_LED_Toggle_Button_Interrupt.o
                0x08000228                EXTI2_3_IRQHandler
 .text.Reset_Handler
                0x08000248       0x50 ./Startup/startup_stm32f072rbtx.o
                0x08000248                Reset_Handler
 .text.Default_Handler
                0x08000298        0x2 ./Startup/startup_stm32f072rbtx.o
                0x08000298                TIM1_CC_IRQHandler
                0x08000298                TSC_IRQHandler
                0x08000298                HardFault_Handler
                0x08000298                SysTick_Handler
                0x08000298                PVD_IRQHandler
                0x08000298                PendSV_Handler
                0x08000298                NMI_Handler
                0x08000298                I2C1_IRQHandler
                0x08000298                RCC_CRS_IRQHandler
                0x08000298                SPI1_IRQHandler
                0x08000298                TIM6_DAC_IRQHandler
                0x08000298                USART3_4_IRQHandler
                0x08000298                I2C2_IRQHandler
                0x08000298                TIM17_IRQHandler
                0x08000298                CEC_CAN_IRQHandler
                0x08000298                RTC_IRQHandler
                0x08000298                TIM16_IRQHandler
                0x08000298                TIM3_IRQHandler
                0x08000298                EXTI4_15_IRQHandler
                0x08000298                Default_Handler
                0x08000298                TIM14_IRQHandler
                0x08000298                TIM7_IRQHandler
                0x08000298                TIM15_IRQHandler
                0x08000298                EXTI0_1_IRQHandler
                0x08000298                USB_IRQHandler
                0x08000298                SPI2_IRQHandler
                0x08000298                DMA1_CH1_IRQHandler
                0x08000298                SVC_Handler
                0x08000298                WWDG_IRQHandler
                0x08000298                TIM2_IRQHandler
                0x08000298                ADC_COMP_IRQHandler
                0x08000298                USART2_IRQHandler
                0x08000298                FLASH_IRQHandler
                0x08000298                USART1_IRQHandler
                0x08000298                TIM1_BRK_UP_TRG_COM_IRQHandler
 *fill*         0x0800029a        0x2 
 .text.GPIO_init
                0x0800029c      0x340 ./driver/Src/GPIO_drv.o
                0x0800029c                GPIO_init
 .text.GPIO_pClckCtrl
                0x080005dc      0x194 ./driver/Src/GPIO_drv.o
                0x080005dc                GPIO_pClckCtrl
 .text.GPIO_WriteToOutputPin
                0x08000770       0x58 ./driver/Src/GPIO_drv.o
                0x08000770                GPIO_WriteToOutputPin
 .text.GPIO_ToggleOutputPin
                0x080007c8       0x2a ./driver/Src/GPIO_drv.o
                0x080007c8                GPIO_ToggleOutputPin
 *fill*         0x080007f2        0x2 
 .text.GPIO_IRQConfig
                0x080007f4       0x58 ./driver/Src/GPIO_drv.o
                0x080007f4                GPIO_IRQConfig
 .text.GPIO_IRQPriorityConfig
                0x0800084c       0x6c ./driver/Src/GPIO_drv.o
                0x0800084c                GPIO_IRQPriorityConfig
 .text.GPIO_IRQHandler
                0x080008b8       0x40 ./driver/Src/GPIO_drv.o
                0x080008b8                GPIO_IRQHandler
 .text.memset   0x080008f8       0x10 /home/mr_learner/st/stm32cubeide_1.15.0/plugins/com.st.stm32cube.ide.mcu.externaltools.gnu-tools-for-stm32.12.3.rel1.linux64_1.0.100.202403111256/tools/bin/../lib/gcc/arm-none-eabi/12.3.1/../../../../arm-none-eabi/lib/thumb/v6-m/nofp/libc_nano.a(libc_a-memset.o)
                0x080008f8                memset
 .text.__libc_init_array
                0x08000908       0x48 /home/mr_learner/st/stm32cubeide_1.15.0/plugins/com.st.stm32cube.ide.mcu.externaltools.gnu-tools-for-stm32.12.3.rel1.linux64_1.0.100.202403111256/tools/bin/../lib/gcc/arm-none-eabi/12.3.1/../../../../arm-none-eabi/lib/thumb/v6-m/nofp/libc_nano.a(libc_a-init.o)
                0x08000908                __libc_init_array
 *(.glue_7)
 .glue_7        0x08000950        0x0 linker stubs
 *(.glue_7t)
 .glue_7t       0x08000950        0x0 linker stubs
 *(.eh_frame)
 .eh_frame      0x08000950        0x0 /home/mr_learner/st/stm32cubeide_1.15.0/plugins/com.st.stm32cube.ide.mcu.externaltools.gnu-tools-for-stm32.12.3.rel1.linux64_1.0.100.202403111256/tools/bin/../lib/gcc/arm-none-eabi/12.3.1/thumb/v6-m/nofp/crtbegin.o
 *(.init)
 .init          0x08000950        0x4 /home/mr_learner/st/stm32cubeide_1.15.0/plugins/com.st.stm32cube.ide.mcu.externaltools.gnu-tools-for-stm32.12.3.rel1.linux64_1.0.100.202403111256/tools/bin/../lib/gcc/arm-none-eabi/12.3.1/thumb/v6-m/nofp/crti.o
                0x08000950                _init
 .init          0x08000954        0x8 /home/mr_learner/st/stm32cubeide_1.15.0/plugins/com.st.stm32cube.ide.mcu.externaltools.gnu-tools-for-stm32.12.3.rel1.linux64_1.0.100.202403111256/tools/bin/../lib/gcc/arm-none-eabi/12.3.1/thumb/v6-m/nofp/crtn.o
 *(.fini)
 .fini          0x0800095c        0x4 /home/mr_learner/st/stm32cubeide_1.15.0/plugins/com.st.stm32cube.ide.mcu.externaltools.gnu-tools-for-stm32.12.3.rel1.linux64_1.0.100.202403111256/tools/bin/../lib/gcc/arm-none-eabi/12.3.1/thumb/v6-m/nofp/crti.o
                0x0800095c                _fini
 .fini          0x08000960        0x8 /home/mr_learner/st/stm32cubeide_1.15.0/plugins/com.st.stm32cube.ide.mcu.externaltools.gnu-tools-for-stm32.12.3.rel1.linux64_1.0.100.202403111256/tools/bin/../lib/gcc/arm-none-eabi/12.3.1/thumb/v6-m/nofp/crtn.o
                0x08000968                        . = ALIGN (0x4)
                0x08000968                        _etext = .

.vfp11_veneer   0x08000968        0x0
 .vfp11_veneer  0x08000968        0x0 linker stubs

.v4_bx          0x08000968        0x0
 .v4_bx         0x08000968        0x0 linker stubs

.iplt           0x08000968        0x0
 .iplt          0x08000968        0x0 /home/mr_learner/st/stm32cubeide_1.15.0/plugins/com.st.stm32cube.ide.mcu.externaltools.gnu-tools-for-stm32.12.3.rel1.linux64_1.0.100.202403111256/tools/bin/../lib/gcc/arm-none-eabi/12.3.1/thumb/v6-m/nofp/crtbegin.o

.rodata         0x08000968        0x0
                0x08000968                        . = ALIGN (0x4)
 *(.rodata)
 *(.rodata*)
                0x08000968                        . = ALIGN (0x4)

.ARM.extab      0x08000968        0x0
                0x08000968                        . = ALIGN (0x4)
 *(.ARM.extab* .gnu.linkonce.armextab.*)
                0x08000968                        . = ALIGN (0x4)

.ARM            0x08000968        0x0
                0x08000968                        . = ALIGN (0x4)
                0x08000968                        __exidx_start = .
 *(.ARM.exidx*)
                0x08000968                        __exidx_end = .
                0x08000968                        . = ALIGN (0x4)

.preinit_array  0x08000968        0x0
                0x08000968                        . = ALIGN (0x4)
                0x08000968                        PROVIDE (__preinit_array_start = .)
 *(.preinit_array*)
                0x08000968                        PROVIDE (__preinit_array_end = .)
                0x08000968                        . = ALIGN (0x4)

.init_array     0x08000968        0x4
                0x08000968                        . = ALIGN (0x4)
                0x08000968                        PROVIDE (__init_array_start = .)
 *(SORT_BY_NAME(.init_array.*))
 *(.init_array*)
 .init_array    0x08000968        0x4 /home/mr_learner/st/stm32cubeide_1.15.0/plugins/com.st.stm32cube.ide.mcu.externaltools.gnu-tools-for-stm32.12.3.rel1.linux64_1.0.100.202403111256/tools/bin/../lib/gcc/arm-none-eabi/12.3.1/thumb/v6-m/nofp/crtbegin.o
                0x0800096c                        PROVIDE (__init_array_end = .)
                0x0800096c                        . = ALIGN (0x4)

.fini_array     0x0800096c        0x4
                0x0800096c                        . = ALIGN (0x4)
                [!provide]                        PROVIDE (__fini_array_start = .)
 *(SORT_BY_NAME(.fini_array.*))
 *(.fini_array*)
 .fini_array    0x0800096c        0x4 /home/mr_learner/st/stm32cubeide_1.15.0/plugins/com.st.stm32cube.ide.mcu.externaltools.gnu-tools-for-stm32.12.3.rel1.linux64_1.0.100.202403111256/tools/bin/../lib/gcc/arm-none-eabi/12.3.1/thumb/v6-m/nofp/crtbegin.o
                [!provide]                        PROVIDE (__fini_array_end = .)
                0x08000970                        . = ALIGN (0x4)
                0x08000970                        _sidata = LOADADDR (.data)

.rel.dyn        0x08000970        0x0
 .rel.iplt      0x08000970        0x0 /home/mr_learner/st/stm32cubeide_1.15.0/plugins/com.st.stm32cube.ide.mcu.externaltools.gnu-tools-for-stm32.12.3.rel1.linux64_1.0.100.202403111256/tools/bin/../lib/gcc/arm-none-eabi/12.3.1/thumb/v6-m/nofp/crtbegin.o

.data           0x20000000        0x0 load address 0x08000970
                0x20000000                        . = ALIGN (0x4)
                0x20000000                        _sdata = .
 *(.data)
 *(.data*)
 *(.RamFunc)
 *(.RamFunc*)
                0x20000000                        . = ALIGN (0x4)
                0x20000000                        _edata = .

.igot.plt       0x20000000        0x0 load address 0x08000970
 .igot.plt      0x20000000        0x0 /home/mr_learner/st/stm32cubeide_1.15.0/plugins/com.st.stm32cube.ide.mcu.externaltools.gnu-tools-for-stm32.12.3.rel1.linux64_1.0.100.202403111256/tools/bin/../lib/gcc/arm-none-eabi/12.3.1/thumb/v6-m/nofp/crtbegin.o
                0x20000000                        . = ALIGN (0x4)

.bss            0x20000000       0x1c load address 0x08000970
                0x20000000                        _sbss = .
                0x20000000                        __bss_start__ = _sbss
 *(.bss)
 .bss           0x20000000       0x1c /home/mr_learner/st/stm32cubeide_1.15.0/plugins/com.st.stm32cube.ide.mcu.externaltools.gnu-tools-for-stm32.12.3.rel1.linux64_1.0.100.202403111256/tools/bin/../lib/gcc/arm-none-eabi/12.3.1/thumb/v6-m/nofp/crtbegin.o
 *(.bss*)
 *(COMMON)
                0x2000001c                        . = ALIGN (0x4)
                0x2000001c                        _ebss = .
                0x2000001c                        __bss_end__ = _ebss

._user_heap_stack
                0x2000001c      0x604 load address 0x08000970
                0x20000020                        . = ALIGN (0x8)
 *fill*         0x2000001c        0x4 
                [!provide]                        PROVIDE (end = .)
                0x20000020                        PROVIDE (_end = .)
                0x20000220                        . = (. + _Min_Heap_Size)
 *fill*         0x20000020      0x200 
                0x20000620                        . = (. + _Min_Stack_Size)
 *fill*         0x20000220      0x400 
                0x20000620                        . = ALIGN (0x8)

/DISCARD/
 libc.a(*)
 libm.a(*)
 libgcc.a(*)

.ARM.attributes
                0x00000000       0x28
 *(.ARM.attributes)
 .ARM.attributes
                0x00000000       0x1e /home/mr_learner/st/stm32cubeide_1.15.0/plugins/com.st.stm32cube.ide.mcu.externaltools.gnu-tools-for-stm32.12.3.rel1.linux64_1.0.100.202403111256/tools/bin/../lib/gcc/arm-none-eabi/12.3.1/thumb/v6-m/nofp/crti.o
 .ARM.attributes
                0x0000001e       0x2c /home/mr_learner/st/stm32cubeide_1.15.0/plugins/com.st.stm32cube.ide.mcu.externaltools.gnu-tools-for-stm32.12.3.rel1.linux64_1.0.100.202403111256/tools/bin/../lib/gcc/arm-none-eabi/12.3.1/thumb/v6-m/nofp/crtbegin.o
 .ARM.attributes
                0x0000004a       0x2c ./Src/Red_LED_Toggle_Button_Interrupt.o
 .ARM.attributes
                0x00000076       0x21 ./Startup/startup_stm32f072rbtx.o
 .ARM.attributes
                0x00000097       0x2c ./driver/Src/GPIO_drv.o
 .ARM.attributes
                0x000000c3       0x2c /home/mr_learner/st/stm32cubeide_1.15.0/plugins/com.st.stm32cube.ide.mcu.externaltools.gnu-tools-for-stm32.12.3.rel1.linux64_1.0.100.202403111256/tools/bin/../lib/gcc/arm-none-eabi/12.3.1/../../../../arm-none-eabi/lib/thumb/v6-m/nofp/libc_nano.a(libc_a-memset.o)
 .ARM.attributes
                0x000000ef       0x2c /home/mr_learner/st/stm32cubeide_1.15.0/plugins/com.st.stm32cube.ide.mcu.externaltools.gnu-tools-for-stm32.12.3.rel1.linux64_1.0.100.202403111256/tools/bin/../lib/gcc/arm-none-eabi/12.3.1/../../../../arm-none-eabi/lib/thumb/v6-m/nofp/libc_nano.a(libc_a-init.o)
 .ARM.attributes
                0x0000011b       0x1e /home/mr_learner/st/stm32cubeide_1.15.0/plugins/com.st.stm32cube.ide.mcu.externaltools.gnu-tools-for-stm32.12.3.rel1.linux64_1.0.100.202403111256/tools/bin/../lib/gcc/arm-none-eabi/12.3.1/thumb/v6-m/nofp/crtn.o
OUTPUT(0x03_Red_LED_BUtton_interrupt_STM32f0x2.elf elf32-littlearm)
LOAD linker stubs
LOAD /home/mr_learner/st/stm32cubeide_1.15.0/plugins/com.st.stm32cube.ide.mcu.externaltools.gnu-tools-for-stm32.12.3.rel1.linux64_1.0.100.202403111256/tools/bin/../lib/gcc/arm-none-eabi/12.3.1/../../../../arm-none-eabi/lib/thumb/v6-m/nofp/libc.a
LOAD /home/mr_learner/st/stm32cubeide_1.15.0/plugins/com.st.stm32cube.ide.mcu.externaltools.gnu-tools-for-stm32.12.3.rel1.linux64_1.0.100.202403111256/tools/bin/../lib/gcc/arm-none-eabi/12.3.1/../../../../arm-none-eabi/lib/thumb/v6-m/nofp/libm.a
LOAD /home/mr_learner/st/stm32cubeide_1.15.0/plugins/com.st.stm32cube.ide.mcu.externaltools.gnu-tools-for-stm32.12.3.rel1.linux64_1.0.100.202403111256/tools/bin/../lib/gcc/arm-none-eabi/12.3.1/thumb/v6-m/nofp/libgcc.a

.debug_info     0x00000000      0xa7d
 .debug_info    0x00000000      0x365 ./Src/Red_LED_Toggle_Button_Interrupt.o
 .debug_info    0x00000365       0x30 ./Startup/startup_stm32f072rbtx.o
 .debug_info    0x00000395      0x6e8 ./driver/Src/GPIO_drv.o

.debug_abbrev   0x00000000      0x2f8
 .debug_abbrev  0x00000000      0x154 ./Src/Red_LED_Toggle_Button_Interrupt.o
 .debug_abbrev  0x00000154       0x24 ./Startup/startup_stm32f072rbtx.o
 .debug_abbrev  0x00000178      0x180 ./driver/Src/GPIO_drv.o

.debug_aranges  0x00000000       0xc8
 .debug_aranges
                0x00000000       0x30 ./Src/Red_LED_Toggle_Button_Interrupt.o
 .debug_aranges
                0x00000030       0x28 ./Startup/startup_stm32f072rbtx.o
 .debug_aranges
                0x00000058       0x70 ./driver/Src/GPIO_drv.o

.debug_rnglists
                0x00000000       0x8b
 .debug_rnglists
                0x00000000       0x20 ./Src/Red_LED_Toggle_Button_Interrupt.o
 .debug_rnglists
                0x00000020       0x19 ./Startup/startup_stm32f072rbtx.o
 .debug_rnglists
                0x00000039       0x52 ./driver/Src/GPIO_drv.o

.debug_macro    0x00000000     0x2148
 .debug_macro   0x00000000      0x158 ./Src/Red_LED_Toggle_Button_Interrupt.o
 .debug_macro   0x00000158      0xa96 ./Src/Red_LED_Toggle_Button_Interrupt.o
 .debug_macro   0x00000bee       0x22 ./Src/Red_LED_Toggle_Button_Interrupt.o
 .debug_macro   0x00000c10       0x5b ./Src/Red_LED_Toggle_Button_Interrupt.o
 .debug_macro   0x00000c6b       0x24 ./Src/Red_LED_Toggle_Button_Interrupt.o
 .debug_macro   0x00000c8f       0x94 ./Src/Red_LED_Toggle_Button_Interrupt.o
 .debug_macro   0x00000d23       0x43 ./Src/Red_LED_Toggle_Button_Interrupt.o
 .debug_macro   0x00000d66       0x34 ./Src/Red_LED_Toggle_Button_Interrupt.o
 .debug_macro   0x00000d9a      0x189 ./Src/Red_LED_Toggle_Button_Interrupt.o
 .debug_macro   0x00000f23       0x16 ./Src/Red_LED_Toggle_Button_Interrupt.o
 .debug_macro   0x00000f39       0x43 ./Src/Red_LED_Toggle_Button_Interrupt.o
 .debug_macro   0x00000f7c       0x57 ./Src/Red_LED_Toggle_Button_Interrupt.o
 .debug_macro   0x00000fd3       0x34 ./Src/Red_LED_Toggle_Button_Interrupt.o
 .debug_macro   0x00001007       0x10 ./Src/Red_LED_Toggle_Button_Interrupt.o
 .debug_macro   0x00001017       0x58 ./Src/Red_LED_Toggle_Button_Interrupt.o
 .debug_macro   0x0000106f       0x8e ./Src/Red_LED_Toggle_Button_Interrupt.o
 .debug_macro   0x000010fd       0x1c ./Src/Red_LED_Toggle_Button_Interrupt.o
 .debug_macro   0x00001119      0x177 ./Src/Red_LED_Toggle_Button_Interrupt.o
 .debug_macro   0x00001290      0x369 ./Src/Red_LED_Toggle_Button_Interrupt.o
 .debug_macro   0x000015f9       0x10 ./Src/Red_LED_Toggle_Button_Interrupt.o
 .debug_macro   0x00001609       0x35 ./Src/Red_LED_Toggle_Button_Interrupt.o
 .debug_macro   0x0000163e       0x20 ./Src/Red_LED_Toggle_Button_Interrupt.o
 .debug_macro   0x0000165e      0x103 ./Src/Red_LED_Toggle_Button_Interrupt.o
 .debug_macro   0x00001761       0x6a ./Src/Red_LED_Toggle_Button_Interrupt.o
 .debug_macro   0x000017cb      0x1df ./Src/Red_LED_Toggle_Button_Interrupt.o
 .debug_macro   0x000019aa      0x267 ./Src/Red_LED_Toggle_Button_Interrupt.o
 .debug_macro   0x00001c11       0xc4 ./Src/Red_LED_Toggle_Button_Interrupt.o
 .debug_macro   0x00001cd5      0x15e ./driver/Src/GPIO_drv.o
 .debug_macro   0x00001e33       0x8e ./driver/Src/GPIO_drv.o
 .debug_macro   0x00001ec1       0x51 ./driver/Src/GPIO_drv.o
 .debug_macro   0x00001f12       0x61 ./driver/Src/GPIO_drv.o
 .debug_macro   0x00001f73       0x16 ./driver/Src/GPIO_drv.o
 .debug_macro   0x00001f89       0x9e ./driver/Src/GPIO_drv.o
 .debug_macro   0x00002027      0x10b ./driver/Src/GPIO_drv.o
 .debug_macro   0x00002132       0x16 ./driver/Src/GPIO_drv.o

.debug_line     0x00000000     0x10c2
 .debug_line    0x00000000      0x60e ./Src/Red_LED_Toggle_Button_Interrupt.o
 .debug_line    0x0000060e       0x7b ./Startup/startup_stm32f072rbtx.o
 .debug_line    0x00000689      0xa39 ./driver/Src/GPIO_drv.o

.debug_str      0x00000000     0x883b
 .debug_str     0x00000000     0x7fb6 ./Src/Red_LED_Toggle_Button_Interrupt.o
                               0x81b0 (size before relaxing)
 .debug_str     0x00007fb6       0x3f ./Startup/startup_stm32f072rbtx.o
                                 0x94 (size before relaxing)
 .debug_str     0x00007ff5      0x846 ./driver/Src/GPIO_drv.o
                               0x8915 (size before relaxing)

.comment        0x00000000       0x43
 .comment       0x00000000       0x43 ./Src/Red_LED_Toggle_Button_Interrupt.o
                                 0x44 (size before relaxing)
 .comment       0x00000043       0x44 ./driver/Src/GPIO_drv.o

.debug_frame    0x00000000      0x22c
 .debug_frame   0x00000000       0x70 ./Src/Red_LED_Toggle_Button_Interrupt.o
 .debug_frame   0x00000070      0x170 ./driver/Src/GPIO_drv.o
 .debug_frame   0x000001e0       0x20 /home/mr_learner/st/stm32cubeide_1.15.0/plugins/com.st.stm32cube.ide.mcu.externaltools.gnu-tools-for-stm32.12.3.rel1.linux64_1.0.100.202403111256/tools/bin/../lib/gcc/arm-none-eabi/12.3.1/../../../../arm-none-eabi/lib/thumb/v6-m/nofp/libc_nano.a(libc_a-memset.o)
 .debug_frame   0x00000200       0x2c /home/mr_learner/st/stm32cubeide_1.15.0/plugins/com.st.stm32cube.ide.mcu.externaltools.gnu-tools-for-stm32.12.3.rel1.linux64_1.0.100.202403111256/tools/bin/../lib/gcc/arm-none-eabi/12.3.1/../../../../arm-none-eabi/lib/thumb/v6-m/nofp/libc_nano.a(libc_a-init.o)

.debug_line_str
                0x00000000       0x78
 .debug_line_str
                0x00000000       0x78 ./Startup/startup_stm32f072rbtx.o
