Archive member included to satisfy reference by file (symbol)

/home/mr_learner/st/stm32cubeide_1.15.0/plugins/com.st.stm32cube.ide.mcu.externaltools.gnu-tools-for-stm32.12.3.rel1.linux64_1.0.100.202403111256/tools/bin/../lib/gcc/arm-none-eabi/12.3.1/../../../../arm-none-eabi/lib/thumb/v6-m/nofp/libc_nano.a(libc_a-exit.o)
                              /home/mr_learner/st/stm32cubeide_1.15.0/plugins/com.st.stm32cube.ide.mcu.externaltools.gnu-tools-for-stm32.12.3.rel1.linux64_1.0.100.202403111256/tools/bin/../lib/gcc/arm-none-eabi/12.3.1/../../../../arm-none-eabi/lib/thumb/v6-m/nofp/crt0.o (exit)
/home/mr_learner/st/stm32cubeide_1.15.0/plugins/com.st.stm32cube.ide.mcu.externaltools.gnu-tools-for-stm32.12.3.rel1.linux64_1.0.100.202403111256/tools/bin/../lib/gcc/arm-none-eabi/12.3.1/../../../../arm-none-eabi/lib/thumb/v6-m/nofp/libc_nano.a(libc_a-findfp.o)
                              /home/mr_learner/st/stm32cubeide_1.15.0/plugins/com.st.stm32cube.ide.mcu.externaltools.gnu-tools-for-stm32.12.3.rel1.linux64_1.0.100.202403111256/tools/bin/../lib/gcc/arm-none-eabi/12.3.1/../../../../arm-none-eabi/lib/thumb/v6-m/nofp/libc_nano.a(libc_a-exit.o) (__stdio_exit_handler)
/home/mr_learner/st/stm32cubeide_1.15.0/plugins/com.st.stm32cube.ide.mcu.externaltools.gnu-tools-for-stm32.12.3.rel1.linux64_1.0.100.202403111256/tools/bin/../lib/gcc/arm-none-eabi/12.3.1/../../../../arm-none-eabi/lib/thumb/v6-m/nofp/libc_nano.a(libc_a-fwalk.o)
                              /home/mr_learner/st/stm32cubeide_1.15.0/plugins/com.st.stm32cube.ide.mcu.externaltools.gnu-tools-for-stm32.12.3.rel1.linux64_1.0.100.202403111256/tools/bin/../lib/gcc/arm-none-eabi/12.3.1/../../../../arm-none-eabi/lib/thumb/v6-m/nofp/libc_nano.a(libc_a-findfp.o) (_fwalk_sglue)
/home/mr_learner/st/stm32cubeide_1.15.0/plugins/com.st.stm32cube.ide.mcu.externaltools.gnu-tools-for-stm32.12.3.rel1.linux64_1.0.100.202403111256/tools/bin/../lib/gcc/arm-none-eabi/12.3.1/../../../../arm-none-eabi/lib/thumb/v6-m/nofp/libc_nano.a(libc_a-stdio.o)
                              /home/mr_learner/st/stm32cubeide_1.15.0/plugins/com.st.stm32cube.ide.mcu.externaltools.gnu-tools-for-stm32.12.3.rel1.linux64_1.0.100.202403111256/tools/bin/../lib/gcc/arm-none-eabi/12.3.1/../../../../arm-none-eabi/lib/thumb/v6-m/nofp/libc_nano.a(libc_a-findfp.o) (__sread)
/home/mr_learner/st/stm32cubeide_1.15.0/plugins/com.st.stm32cube.ide.mcu.externaltools.gnu-tools-for-stm32.12.3.rel1.linux64_1.0.100.202403111256/tools/bin/../lib/gcc/arm-none-eabi/12.3.1/../../../../arm-none-eabi/lib/thumb/v6-m/nofp/libc_nano.a(libc_a-memset.o)
                              /home/mr_learner/st/stm32cubeide_1.15.0/plugins/com.st.stm32cube.ide.mcu.externaltools.gnu-tools-for-stm32.12.3.rel1.linux64_1.0.100.202403111256/tools/bin/../lib/gcc/arm-none-eabi/12.3.1/../../../../arm-none-eabi/lib/thumb/v6-m/nofp/crt0.o (memset)
/home/mr_learner/st/stm32cubeide_1.15.0/plugins/com.st.stm32cube.ide.mcu.externaltools.gnu-tools-for-stm32.12.3.rel1.linux64_1.0.100.202403111256/tools/bin/../lib/gcc/arm-none-eabi/12.3.1/../../../../arm-none-eabi/lib/thumb/v6-m/nofp/libc_nano.a(libc_a-closer.o)
                              /home/mr_learner/st/stm32cubeide_1.15.0/plugins/com.st.stm32cube.ide.mcu.externaltools.gnu-tools-for-stm32.12.3.rel1.linux64_1.0.100.202403111256/tools/bin/../lib/gcc/arm-none-eabi/12.3.1/../../../../arm-none-eabi/lib/thumb/v6-m/nofp/libc_nano.a(libc_a-stdio.o) (_close_r)
/home/mr_learner/st/stm32cubeide_1.15.0/plugins/com.st.stm32cube.ide.mcu.externaltools.gnu-tools-for-stm32.12.3.rel1.linux64_1.0.100.202403111256/tools/bin/../lib/gcc/arm-none-eabi/12.3.1/../../../../arm-none-eabi/lib/thumb/v6-m/nofp/libc_nano.a(libc_a-reent.o)
                              /home/mr_learner/st/stm32cubeide_1.15.0/plugins/com.st.stm32cube.ide.mcu.externaltools.gnu-tools-for-stm32.12.3.rel1.linux64_1.0.100.202403111256/tools/bin/../lib/gcc/arm-none-eabi/12.3.1/../../../../arm-none-eabi/lib/thumb/v6-m/nofp/libc_nano.a(libc_a-closer.o) (errno)
/home/mr_learner/st/stm32cubeide_1.15.0/plugins/com.st.stm32cube.ide.mcu.externaltools.gnu-tools-for-stm32.12.3.rel1.linux64_1.0.100.202403111256/tools/bin/../lib/gcc/arm-none-eabi/12.3.1/../../../../arm-none-eabi/lib/thumb/v6-m/nofp/libc_nano.a(libc_a-impure.o)
                              /home/mr_learner/st/stm32cubeide_1.15.0/plugins/com.st.stm32cube.ide.mcu.externaltools.gnu-tools-for-stm32.12.3.rel1.linux64_1.0.100.202403111256/tools/bin/../lib/gcc/arm-none-eabi/12.3.1/../../../../arm-none-eabi/lib/thumb/v6-m/nofp/libc_nano.a(libc_a-reent.o) (_impure_ptr)
/home/mr_learner/st/stm32cubeide_1.15.0/plugins/com.st.stm32cube.ide.mcu.externaltools.gnu-tools-for-stm32.12.3.rel1.linux64_1.0.100.202403111256/tools/bin/../lib/gcc/arm-none-eabi/12.3.1/../../../../arm-none-eabi/lib/thumb/v6-m/nofp/libc_nano.a(libc_a-lseekr.o)
[...]
Memory Configuration

Name             Origin             Length             Attributes
RAM              0x20000000         0x00004000         xrw
FLASH            0x08000000         0x00020000         xr
*default*        0x00000000         0xffffffff

Linker script and memory map

LOAD /home/mr_learner/st/stm32cubeide_1.15.0/plugins/com.st.stm32cube.ide.mcu.externaltools.gnu-tools-for-stm32.12.3.rel1.linux64_1.0.100.202403111256/tools/bin/../lib/gcc/arm-none-eabi/12.3.1/thumb/v6-m/nofp/crti.o
LOAD /home/mr_learner/st/stm32cubeide_1.15.0/plugins/com.st.stm32cube.ide.mcu.externaltools.gnu-tools-for-stm32.12.3.rel1.linux64_1.0.100.202403111256/tools/bin/../lib/gcc/arm-none-eabi/12.3.1/thumb/v6-m/nofp/crtbegin.o
LOAD /home/mr_learner/st/stm32cubeide_1.15.0/plugins/com.st.stm32cube.ide.mcu.externaltools.gnu-tools-for-stm32.12.3.rel1.linux64_1.0.100.202403111256/tools/bin/../lib/gcc/arm-none-eabi/12.3.1/../../../../arm-none-eabi/lib/thumb/v6-m/nofp/crt0.o
LOAD ./Src/RGB_Led_Toggle.o
LOAD ./Startup/startup_stm32f072rbtx.o
LOAD ./driver/Src/GPIO_drv.o
START GROUP
LOAD /home/mr_learner/st/stm32cubeide_1.15.0/plugins/com.st.stm32cube.ide.mcu.externaltools.gnu-tools-for-stm32.12.3.rel1.linux64_1.0.100.202403111256/tools/bin/../lib/gcc/arm-none-eabi/12.3.1/../../../../arm-none-eabi/lib/thumb/v6-m/nofp/libc_nano.a
LOAD /home/mr_learner/st/stm32cubeide_1.15.0/plugins/com.st.stm32cube.ide.mcu.externaltools.gnu-tools-for-stm32.12.3.rel1.linux64_1.0.100.202403111256/tools/bin/../lib/gcc/arm-none-eabi/12.3.1/../../../../arm-none-eabi/lib/thumb/v6-m/nofp/libm.a
END GROUP
START GROUP
LOAD /home/mr_learner/st/stm32cubeide_1.15.0/plugins/com.st.stm32cube.ide.mcu.externaltools.gnu-tools-for-stm32.12.3.rel1.linux64_1.0.100.202403111256/tools/bin/../lib/gcc/arm-none-eabi/12.3.1/thumb/v6-m/nofp/libgcc.a
LOAD /home/mr_learner/st/stm32cubeide_1.15.0/plugins/com.st.stm32cube.ide.mcu.externaltools.gnu-tools-for-stm32.12.3.rel1.linux64_1.0.100.202403111256/tools/bin/../lib/gcc/arm-none-eabi/12.3.1/../../../../arm-none-eabi/lib/thumb/v6-m/nofp/libc_nano.a
END GROUP
START GROUP
LOAD /home/mr_learner/st/stm32cubeide_1.15.0/plugins/com.st.stm32cube.ide.mcu.externaltools.gnu-tools-for-stm32.12.3.rel1.linux64_1.0.100.202403111256/tools/bin/../lib/gcc/arm-none-eabi/12.3.1/thumb/v6-m/nofp/libgcc.a
LOAD /home/mr_learner/st/stm32cubeide_1.15.0/plugins/com.st.stm32cube.ide.mcu.externaltools.gnu-tools-for-stm32.12.3.rel1.linux64_1.0.100.202403111256/tools/bin/../lib/gcc/arm-none-eabi/12.3.1/../../../../arm-none-eabi/lib/thumb/v6-m/nofp/libc_nano.a
LOAD /home/mr_learner/st/stm32cubeide_1.15.0/plugins/com.st.stm32cube.ide.mcu.externaltools.gnu-tools-for-stm32.12.3.rel1.linux64_1.0.100.202403111256/tools/bin/../lib/gcc/arm-none-eabi/12.3.1/../../../../arm-none-eabi/lib/thumb/v6-m/nofp/libnosys.a
END GROUP
START GROUP
LOAD /home/mr_learner/st/stm32cubeide_1.15.0/plugins/com.st.stm32cube.ide.mcu.externaltools.gnu-tools-for-stm32.12.3.rel1.linux64_1.0.100.202403111256/tools/bin/../lib/gcc/arm-none-eabi/12.3.1/thumb/v6-m/nofp/libgcc.a
LOAD /home/mr_learner/st/stm32cubeide_1.15.0/plugins/com.st.stm32cube.ide.mcu.externaltools.gnu-tools-for-stm32.12.3.rel1.linux64_1.0.100.202403111256/tools/bin/../lib/gcc/arm-none-eabi/12.3.1/../../../../arm-none-eabi/lib/thumb/v6-m/nofp/libc_nano.a
LOAD /home/mr_learner/st/stm32cubeide_1.15.0/plugins/com.st.stm32cube.ide.mcu.externaltools.gnu-tools-for-stm32.12.3.rel1.linux64_1.0.100.202403111256/tools/bin/../lib/gcc/arm-none-eabi/12.3.1/../../../../arm-none-eabi/lib/thumb/v6-m/nofp/libnosys.a
END GROUP
LOAD /home/mr_learner/st/stm32cubeide_1.15.0/plugins/com.st.stm32cube.ide.mcu.externaltools.gnu-tools-for-stm32.12.3.rel1.linux64_1.0.100.202403111256/tools/bin/../lib/gcc/arm-none-eabi/12.3.1/thumb/v6-m/nofp/crtend.o
LOAD /home/mr_learner/st/stm32cubeide_1.15.0/plugins/com.st.stm32cube.ide.mcu.externaltools.gnu-tools-for-stm32.12.3.rel1.linux64_1.0.100.202403111256/tools/bin/../lib/gcc/arm-none-eabi/12.3.1/thumb/v6-m/nofp/crtn.o
                0x20004000                        _estack = (ORIGIN (RAM) + LENGTH (RAM))
                0x00000200                        _Min_Heap_Size = 0x200
                0x00000400                        _Min_Stack_Size = 0x400

.isr_vector     0x08000000       0xc0
                0x08000000                        . = ALIGN (0x4)
 *(.isr_vector)
 .isr_vector    0x08000000       0xc0 ./Startup/startup_stm32f072rbtx.o
                0x08000000                g_pfnVectors
                0x080000c0                        . = ALIGN (0x4)

.text           0x080000c0      0x68c
                0x080000c0                        . = ALIGN (0x4)
 *(.text)
 .text          0x080000c0       0x48 /home/mr_learner/st/stm32cubeide_1.15.0/plugins/com.st.stm32cube.ide.mcu.externaltools.gnu-tools-for-stm32.12.3.rel1.linux64_1.0.100.202403111256/tools/bin/../lib/gcc/arm-none-eabi/12.3.1/thumb/v6-m/nofp/crtbegin.o
 *(.text*)
 .text.delay    0x08000108       0x28 ./Src/RGB_Led_Toggle.o
                0x08000108                delay
 .text.main     0x08000130      0x198 ./Src/RGB_Led_Toggle.o
                0x08000130                main
 .text.Reset_Handler
                0x080002c8       0x50 ./Startup/startup_stm32f072rbtx.o
                0x080002c8                Reset_Handler
 .text.Default_Handler
                0x08000318        0x2 ./Startup/startup_stm32f072rbtx.o
                0x08000318                TIM1_CC_IRQHandler
                0x08000318                TSC_IRQHandler
                0x08000318                HardFault_Handler
                0x08000318                SysTick_Handler
                0x08000318                PVD_IRQHandler
                0x08000318                PendSV_Handler
                0x08000318                NMI_Handler
                0x08000318                I2C1_IRQHandler
                0x08000318                RCC_CRS_IRQHandler
                0x08000318                SPI1_IRQHandler
                0x08000318                TIM6_DAC_IRQHandler
                0x08000318                USART3_4_IRQHandler
                0x08000318                EXTI2_3_IRQHandler
                0x08000318                I2C2_IRQHandler
                0x08000318                TIM17_IRQHandler
                0x08000318                CEC_CAN_IRQHandler
                0x08000318                RTC_IRQHandler
                0x08000318                TIM16_IRQHandler
                0x08000318                TIM3_IRQHandler
                0x08000318                EXTI4_15_IRQHandler
                0x08000318                Default_Handler
                0x08000318                TIM14_IRQHandler
                0x08000318                TIM7_IRQHandler
                0x08000318                TIM15_IRQHandler
                0x08000318                EXTI0_1_IRQHandler
                0x08000318                USB_IRQHandler
                0x08000318                SPI2_IRQHandler
                0x08000318                DMA1_CH1_IRQHandler
                0x08000318                SVC_Handler
                0x08000318                WWDG_IRQHandler
                0x08000318                TIM2_IRQHandler
                0x08000318                ADC_COMP_IRQHandler
                0x08000318                USART2_IRQHandler
                0x08000318                FLASH_IRQHandler
                0x08000318                USART1_IRQHandler
                0x08000318                TIM1_BRK_UP_TRG_COM_IRQHandler
 .text.GPIO_init
                0x0800031a      0x1aa ./driver/Src/GPIO_drv.o
                0x0800031a                GPIO_init
 .text.GPIO_pClckCtrl
                0x080004c4      0x194 ./driver/Src/GPIO_drv.o
                0x080004c4                GPIO_pClckCtrl
 .text.GPIO_WriteToOutputPin
                0x08000658       0x58 ./driver/Src/GPIO_drv.o
                0x08000658                GPIO_WriteToOutputPin
 .text.GPIO_ToggleOutputPin
                0x080006b0       0x2a ./driver/Src/GPIO_drv.o
                0x080006b0                GPIO_ToggleOutputPin
 .text.memset   0x080006da       0x10 /home/mr_learner/st/stm32cubeide_1.15.0/plugins/com.st.stm32cube.ide.mcu.externaltools.gnu-tools-for-stm32.12.3.rel1.linux64_1.0.100.202403111256/tools/bin/../lib/gcc/arm-none-eabi/12.3.1/../../../../arm-none-eabi/lib/thumb/v6-m/nofp/libc_nano.a(libc_a-memset.o)
                0x080006da                memset
 *fill*         0x080006ea        0x2 
 .text.__libc_init_array
                0x080006ec       0x48 /home/mr_learner/st/stm32cubeide_1.15.0/plugins/com.st.stm32cube.ide.mcu.externaltools.gnu-tools-for-stm32.12.3.rel1.linux64_1.0.100.202403111256/tools/bin/../lib/gcc/arm-none-eabi/12.3.1/../../../../arm-none-eabi/lib/thumb/v6-m/nofp/libc_nano.a(libc_a-init.o)
                0x080006ec                __libc_init_array
 *(.glue_7)
 .glue_7        0x08000734        0x0 linker stubs
 *(.glue_7t)
 .glue_7t       0x08000734        0x0 linker stubs
 *(.eh_frame)
 .eh_frame      0x08000734        0x0 /home/mr_learner/st/stm32cubeide_1.15.0/plugins/com.st.stm32cube.ide.mcu.externaltools.gnu-tools-for-stm32.12.3.rel1.linux64_1.0.100.202403111256/tools/bin/../lib/gcc/arm-none-eabi/12.3.1/thumb/v6-m/nofp/crtbegin.o
 *(.init)
 .init          0x08000734        0x4 /home/mr_learner/st/stm32cubeide_1.15.0/plugins/com.st.stm32cube.ide.mcu.externaltools.gnu-tools-for-stm32.12.3.rel1.linux64_1.0.100.202403111256/tools/bin/../lib/gcc/arm-none-eabi/12.3.1/thumb/v6-m/nofp/crti.o
                0x08000734                _init
 .init          0x08000738        0x8 /home/mr_learner/st/stm32cubeide_1.15.0/plugins/com.st.stm32cube.ide.mcu.externaltools.gnu-tools-for-stm32.12.3.rel1.linux64_1.0.100.202403111256/tools/bin/../lib/gcc/arm-none-eabi/12.3.1/thumb/v6-m/nofp/crtn.o
 *(.fini)
 .fini          0x08000740        0x4 /home/mr_learner/st/stm32cubeide_1.15.0/plugins/com.st.stm32cube.ide.mcu.externaltools.gnu-tools-for-stm32.12.3.rel1.linux64_1.0.100.202403111256/tools/bin/../lib/gcc/arm-none-eabi/12.3.1/thumb/v6-m/nofp/crti.o
                0x08000740                _fini
 .fini          0x08000744        0x8 /home/mr_learner/st/stm32cubeide_1.15.0/plugins/com.st.stm32cube.ide.mcu.externaltools.gnu-tools-for-stm32.12.3.rel1.linux64_1.0.100.202403111256/tools/bin/../lib/gcc/arm-none-eabi/12.3.1/thumb/v6-m/nofp/crtn.o
                0x0800074c                        . = ALIGN (0x4)
                0x0800074c                        _etext = .

.vfp11_veneer   0x0800074c        0x0
 .vfp11_veneer  0x0800074c        0x0 linker stubs

.v4_bx          0x0800074c        0x0
 .v4_bx         0x0800074c        0x0 linker stubs

.iplt           0x0800074c        0x0
 .iplt          0x0800074c        0x0 /home/mr_learner/st/stm32cubeide_1.15.0/plugins/com.st.stm32cube.ide.mcu.externaltools.gnu-tools-for-stm32.12.3.rel1.linux64_1.0.100.202403111256/tools/bin/../lib/gcc/arm-none-eabi/12.3.1/thumb/v6-m/nofp/crtbegin.o

.rodata         0x0800074c        0x0
                0x0800074c                        . = ALIGN (0x4)
 *(.rodata)
 *(.rodata*)
                0x0800074c                        . = ALIGN (0x4)

.ARM.extab      0x0800074c        0x0
                0x0800074c                        . = ALIGN (0x4)
 *(.ARM.extab* .gnu.linkonce.armextab.*)
                0x0800074c                        . = ALIGN (0x4)

.ARM            0x0800074c        0x0
                0x0800074c                        . = ALIGN (0x4)
                0x0800074c                        __exidx_start = .
 *(.ARM.exidx*)
                0x0800074c                        __exidx_end = .
                0x0800074c                        . = ALIGN (0x4)

.preinit_array  0x0800074c        0x0
                0x0800074c                        . = ALIGN (0x4)
                0x0800074c                        PROVIDE (__preinit_array_start = .)
 *(.preinit_array*)
                0x0800074c                        PROVIDE (__preinit_array_end = .)
                0x0800074c                        . = ALIGN (0x4)

.init_array     0x0800074c        0x4
                0x0800074c                        . = ALIGN (0x4)
                0x0800074c                        PROVIDE (__init_array_start = .)
 *(SORT_BY_NAME(.init_array.*))
 *(.init_array*)
 .init_array    0x0800074c        0x4 /home/mr_learner/st/stm32cubeide_1.15.0/plugins/com.st.stm32cube.ide.mcu.externaltools.gnu-tools-for-stm32.12.3.rel1.linux64_1.0.100.202403111256/tools/bin/../lib/gcc/arm-none-eabi/12.3.1/thumb/v6-m/nofp/crtbegin.o
                0x08000750                        PROVIDE (__init_array_end = .)
                0x08000750                        . = ALIGN (0x4)

.fini_array     0x08000750        0x4
                0x08000750                        . = ALIGN (0x4)
                [!provide]                        PROVIDE (__fini_array_start = .)
 *(SORT_BY_NAME(.fini_array.*))
 *(.fini_array*)
 .fini_array    0x08000750        0x4 /home/mr_learner/st/stm32cubeide_1.15.0/plugins/com.st.stm32cube.ide.mcu.externaltools.gnu-tools-for-stm32.12.3.rel1.linux64_1.0.100.202403111256/tools/bin/../lib/gcc/arm-none-eabi/12.3.1/thumb/v6-m/nofp/crtbegin.o
                [!provide]                        PROVIDE (__fini_array_end = .)
                0x08000754                        . = ALIGN (0x4)
                0x08000754                        _sidata = LOADADDR (.data)

.rel.dyn        0x08000754        0x0
 .rel.iplt      0x08000754        0x0 /home/mr_learner/st/stm32cubeide_1.15.0/plugins/com.st.stm32cube.ide.mcu.externaltools.gnu-tools-for-stm32.12.3.rel1.linux64_1.0.100.202403111256/tools/bin/../lib/gcc/arm-none-eabi/12.3.1/thumb/v6-m/nofp/crtbegin.o

.data           0x20000000        0x0 load address 0x08000754
                0x20000000                        . = ALIGN (0x4)
                0x20000000                        _sdata = .
 *(.data)
 *(.data*)
 *(.RamFunc)
 *(.RamFunc*)
                0x20000000                        . = ALIGN (0x4)
                0x20000000                        _edata = .

.igot.plt       0x20000000        0x0 load address 0x08000754
 .igot.plt      0x20000000        0x0 /home/mr_learner/st/stm32cubeide_1.15.0/plugins/com.st.stm32cube.ide.mcu.externaltools.gnu-tools-for-stm32.12.3.rel1.linux64_1.0.100.202403111256/tools/bin/../lib/gcc/arm-none-eabi/12.3.1/thumb/v6-m/nofp/crtbegin.o
                0x20000000                        . = ALIGN (0x4)

.bss            0x20000000       0x1c load address 0x08000754
                0x20000000                        _sbss = .
                0x20000000                        __bss_start__ = _sbss
 *(.bss)
 .bss           0x20000000       0x1c /home/mr_learner/st/stm32cubeide_1.15.0/plugins/com.st.stm32cube.ide.mcu.externaltools.gnu-tools-for-stm32.12.3.rel1.linux64_1.0.100.202403111256/tools/bin/../lib/gcc/arm-none-eabi/12.3.1/thumb/v6-m/nofp/crtbegin.o
 *(.bss*)
 *(COMMON)
                0x2000001c                        . = ALIGN (0x4)
                0x2000001c                        _ebss = .
                0x2000001c                        __bss_end__ = _ebss

._user_heap_stack
                0x2000001c      0x604 load address 0x08000754
                0x20000020                        . = ALIGN (0x8)
 *fill*         0x2000001c        0x4 
                0x20000020                        PROVIDE (end = .)
                [!provide]                        PROVIDE (_end = .)
                0x20000220                        . = (. + _Min_Heap_Size)
 *fill*         0x20000020      0x200 
                0x20000620                        . = (. + _Min_Stack_Size)
 *fill*         0x20000220      0x400 
                0x20000620                        . = ALIGN (0x8)

/DISCARD/
 libc.a(*)
 libm.a(*)
 libgcc.a(*)

.ARM.attributes
                0x00000000       0x28
 *(.ARM.attributes)
 .ARM.attributes
                0x00000000       0x1e /home/mr_learner/st/stm32cubeide_1.15.0/plugins/com.st.stm32cube.ide.mcu.externaltools.gnu-tools-for-stm32.12.3.rel1.linux64_1.0.100.202403111256/tools/bin/../lib/gcc/arm-none-eabi/12.3.1/thumb/v6-m/nofp/crti.o
 .ARM.attributes
                0x0000001e       0x2c /home/mr_learner/st/stm32cubeide_1.15.0/plugins/com.st.stm32cube.ide.mcu.externaltools.gnu-tools-for-stm32.12.3.rel1.linux64_1.0.100.202403111256/tools/bin/../lib/gcc/arm-none-eabi/12.3.1/thumb/v6-m/nofp/crtbegin.o
 .ARM.attributes
                0x0000004a       0x2c ./Src/RGB_Led_Toggle.o
 .ARM.attributes
                0x00000076       0x21 ./Startup/startup_stm32f072rbtx.o
 .ARM.attributes
                0x00000097       0x2c ./driver/Src/GPIO_drv.o
 .ARM.attributes
                0x000000c3       0x2c /home/mr_learner/st/stm32cubeide_1.15.0/plugins/com.st.stm32cube.ide.mcu.externaltools.gnu-tools-for-stm32.12.3.rel1.linux64_1.0.100.202403111256/tools/bin/../lib/gcc/arm-none-eabi/12.3.1/../../../../arm-none-eabi/lib/thumb/v6-m/nofp/libc_nano.a(libc_a-memset.o)
 .ARM.attributes
                0x000000ef       0x2c /home/mr_learner/st/stm32cubeide_1.15.0/plugins/com.st.stm32cube.ide.mcu.externaltools.gnu-tools-for-stm32.12.3.rel1.linux64_1.0.100.202403111256/tools/bin/../lib/gcc/arm-none-eabi/12.3.1/../../../../arm-none-eabi/lib/thumb/v6-m/nofp/libc_nano.a(libc_a-init.o)
 .ARM.attributes
                0x0000011b       0x1e /home/mr_learner/st/stm32cubeide_1.15.0/plugins/com.st.stm32cube.ide.mcu.externaltools.gnu-tools-for-stm32.12.3.rel1.linux64_1.0.100.202403111256/tools/bin/../lib/gcc/arm-none-eabi/12.3.1/thumb/v6-m/nofp/crtn.o
OUTPUT(0x02_GPIO_Driver_STM32f0x2.elf elf32-littlearm)
LOAD linker stubs
LOAD /home/mr_learner/st/stm32cubeide_1.15.0/plugins/com.st.stm32cube.ide.mcu.externaltools.gnu-tools-for-stm32.12.3.rel1.linux64_1.0.100.202403111256/tools/bin/../lib/gcc/arm-none-eabi/12.3.1/../../../../arm-none-eabi/lib/thumb/v6-m/nofp/libc.a
LOAD /home/mr_learner/st/stm32cubeide_1.15.0/plugins/com.st.stm32cube.ide.mcu.externaltools.gnu-tools-for-stm32.12.3.rel1.linux64_1.0.100.202403111256/tools/bin/../lib/gcc/arm-none-eabi/12.3.1/../../../../arm-none-eabi/lib/thumb/v6-m/nofp/libm.a
LOAD /home/mr_learner/st/stm32cubeide_1.15.0/plugins/com.st.stm32cube.ide.mcu.externaltools.gnu-tools-for-stm32.12.3.rel1.linux64_1.0.100.202403111256/tools/bin/../lib/gcc/arm-none-eabi/12.3.1/thumb/v6-m/nofp/libgcc.a

.debug_info     0x00000000      0x7ff
 .debug_info    0x00000000      0x2f7 ./Src/RGB_Led_Toggle.o
 .debug_info    0x000002f7       0x30 ./Startup/startup_stm32f072rbtx.o
 .debug_info    0x00000327      0x4d8 ./driver/Src/GPIO_drv.o

.debug_abbrev   0x00000000      0x288
 .debug_abbrev  0x00000000      0x133 ./Src/RGB_Led_Toggle.o
 .debug_abbrev  0x00000133       0x24 ./Startup/startup_stm32f072rbtx.o
 .debug_abbrev  0x00000157      0x131 ./driver/Src/GPIO_drv.o

.debug_aranges  0x00000000       0xa8
 .debug_aranges
                0x00000000       0x28 ./Src/RGB_Led_Toggle.o
 .debug_aranges
                0x00000028       0x28 ./Startup/startup_stm32f072rbtx.o
 .debug_aranges
                0x00000050       0x58 ./driver/Src/GPIO_drv.o

.debug_rnglists
                0x00000000       0x73
 .debug_rnglists
                0x00000000       0x1a ./Src/RGB_Led_Toggle.o
 .debug_rnglists
                0x0000001a       0x19 ./Startup/startup_stm32f072rbtx.o
 .debug_rnglists
                0x00000033       0x40 ./driver/Src/GPIO_drv.o

.debug_macro    0x00000000     0x201c
 .debug_macro   0x00000000      0x156 ./Src/RGB_Led_Toggle.o
 .debug_macro   0x00000156      0xa96 ./Src/RGB_Led_Toggle.o
 .debug_macro   0x00000bec       0x22 ./Src/RGB_Led_Toggle.o
 .debug_macro   0x00000c0e       0x8e ./Src/RGB_Led_Toggle.o
 .debug_macro   0x00000c9c       0x51 ./Src/RGB_Led_Toggle.o
 .debug_macro   0x00000ced      0x103 ./Src/RGB_Led_Toggle.o
 .debug_macro   0x00000df0       0x6a ./Src/RGB_Led_Toggle.o
 .debug_macro   0x00000e5a      0x1df ./Src/RGB_Led_Toggle.o
 .debug_macro   0x00001039      0x100 ./Src/RGB_Led_Toggle.o
 .debug_macro   0x00001139       0xc4 ./Src/RGB_Led_Toggle.o
 .debug_macro   0x000011fd       0x24 ./Src/RGB_Led_Toggle.o
 .debug_macro   0x00001221       0x61 ./Src/RGB_Led_Toggle.o
 .debug_macro   0x00001282       0x43 ./Src/RGB_Led_Toggle.o
 .debug_macro   0x000012c5       0x34 ./Src/RGB_Led_Toggle.o
 .debug_macro   0x000012f9       0x16 ./Src/RGB_Led_Toggle.o
 .debug_macro   0x0000130f      0x11c ./Src/RGB_Led_Toggle.o
 .debug_macro   0x0000142b       0x94 ./Src/RGB_Led_Toggle.o
 .debug_macro   0x000014bf       0x16 ./Src/RGB_Led_Toggle.o
 .debug_macro   0x000014d5       0x43 ./Src/RGB_Led_Toggle.o
 .debug_macro   0x00001518       0x34 ./Src/RGB_Led_Toggle.o
 .debug_macro   0x0000154c       0x10 ./Src/RGB_Led_Toggle.o
 .debug_macro   0x0000155c       0x58 ./Src/RGB_Led_Toggle.o
 .debug_macro   0x000015b4       0x8e ./Src/RGB_Led_Toggle.o
 .debug_macro   0x00001642       0x1c ./Src/RGB_Led_Toggle.o
 .debug_macro   0x0000165e      0x177 ./Src/RGB_Led_Toggle.o
 .debug_macro   0x000017d5      0x369 ./Src/RGB_Led_Toggle.o
 .debug_macro   0x00001b3e       0x16 ./Src/RGB_Led_Toggle.o
 .debug_macro   0x00001b54       0x29 ./Src/RGB_Led_Toggle.o
 .debug_macro   0x00001b7d      0x15e ./driver/Src/GPIO_drv.o
 .debug_macro   0x00001cdb       0x16 ./driver/Src/GPIO_drv.o
 .debug_macro   0x00001cf1       0x9e ./driver/Src/GPIO_drv.o
 .debug_macro   0x00001d8f      0x10b ./driver/Src/GPIO_drv.o
 .debug_macro   0x00001e9a       0x10 ./driver/Src/GPIO_drv.o
 .debug_macro   0x00001eaa       0x16 ./driver/Src/GPIO_drv.o
 .debug_macro   0x00001ec0       0x16 ./driver/Src/GPIO_drv.o
 .debug_macro   0x00001ed6      0x146 ./driver/Src/GPIO_drv.o

.debug_line     0x00000000      0xf2f
 .debug_line    0x00000000      0x685 ./Src/RGB_Led_Toggle.o
 .debug_line    0x00000685       0x7b ./Startup/startup_stm32f072rbtx.o
 .debug_line    0x00000700      0x82f ./driver/Src/GPIO_drv.o

.debug_str      0x00000000     0x82a1
 .debug_str     0x00000000     0x7aff ./Src/RGB_Led_Toggle.o
                               0x7cfd (size before relaxing)
 .debug_str     0x00007aff       0x3f ./Startup/startup_stm32f072rbtx.o
                                 0x87 (size before relaxing)
 .debug_str     0x00007b3e      0x763 ./driver/Src/GPIO_drv.o
                               0x8349 (size before relaxing)

.comment        0x00000000       0x43
 .comment       0x00000000       0x43 ./Src/RGB_Led_Toggle.o
                                 0x44 (size before relaxing)
 .comment       0x00000043       0x44 ./driver/Src/GPIO_drv.o

.debug_frame    0x00000000      0x1b0
 .debug_frame   0x00000000       0x54 ./Src/RGB_Led_Toggle.o
 .debug_frame   0x00000054      0x110 ./driver/Src/GPIO_drv.o
 .debug_frame   0x00000164       0x20 /home/mr_learner/st/stm32cubeide_1.15.0/plugins/com.st.stm32cube.ide.mcu.externaltools.gnu-tools-for-stm32.12.3.rel1.linux64_1.0.100.202403111256/tools/bin/../lib/gcc/arm-none-eabi/12.3.1/../../../../arm-none-eabi/lib/thumb/v6-m/nofp/libc_nano.a(libc_a-memset.o)
 .debug_frame   0x00000184       0x2c /home/mr_learner/st/stm32cubeide_1.15.0/plugins/com.st.stm32cube.ide.mcu.externaltools.gnu-tools-for-stm32.12.3.rel1.linux64_1.0.100.202403111256/tools/bin/../lib/gcc/arm-none-eabi/12.3.1/../../../../arm-none-eabi/lib/thumb/v6-m/nofp/libc_nano.a(libc_a-init.o)

.debug_line_str
                0x00000000       0x6b
 .debug_line_str
                0x00000000       0x6b ./Startup/startup_stm32f072rbtx.o
